 &TIME_CONTROL
 RUN_DAYS        =           1,
 RUN_HOURS       =           0,
 RUN_MINUTES     =           0,
 RUN_SECONDS     =           0,
 START_YEAR      = 2*2025, 9*1993,
 START_MONTH     = 2*4, 9*3,
 START_DAY       = 2*4, 9*13,
 START_HOUR      = 2*6, 9*12,
 START_MINUTE    = 11*0,
 START_SECOND    = 11*0,
 END_YEAR        = 2*2025, 9*1993,
 END_MONTH       = 2*4, 9*3,
 END_DAY = 2*5, 9*14,
 END_HOUR        = 2*6, 9*12,
 END_MINUTE      = 11*0,
 END_SECOND      = 11*0,
 INTERVAL_SECONDS        =        3600,
 INPUT_FROM_FILE = 2*T, 9*F,
 FINE_INPUT_STREAM       = 11*0,
 INPUT_FROM_HIRES        = 11*F,
 RSMAS_DATA_PATH = .                                                                                                                 
                                                                                                                                     
           ,
 ALL_IC_TIMES    = F,
 JULYR   = 11*0,
 JULDAY  = 11*1,
 GMT     = 11*0.0000000E+00  ,
 INPUT_INNAME    = wrfinput_d<domain>                                                                                                
                                                                                                                                     
           ,
 INPUT_OUTNAME   = wrfinput_d<domain>                                                                                                
                                                                                                                                     
           ,
 BDY_INNAME      = wrfbdy_d<domain>                                                                                                  
                                                                                                                                     
           ,
 BDY_OUTNAME     = wrfbdy_d<domain>                                                                                                  
                                                                                                                                     
           ,
 RST_INNAME      = wrfrst_d<domain>_<date>                                                                                           
                                                                                                                                     
           ,
 RST_OUTNAME     = wrfrst_d<domain>_<date>                                                                                           
                                                                                                                                     
           ,
 WRITE_INPUT     = F,
 WRITE_RESTART_AT_0H     = F,
 WRITE_HIST_AT_0H_RST    = F,
 ADJUST_OUTPUT_TIMES     = F,
 ADJUST_INPUT_TIMES      = F,
 DIAG_PRINT      =           0,
 NOCOLONS        = F,
 CYCLING = F,
 OUTPUT_DIAGNOSTICS      =           0,
 NWP_DIAGNOSTICS =           0,
 OUTPUT_READY_FLAG       = F,
 FORCE_USE_OLD_DATA      = F,
 AUXINPUT1_INNAME        = met_em.d<domain>.<date>                                                                                   
                                                                                                                                     
                   ,
 IO_FORM_AUXINPUT1       =           2,
 OVERRIDE_RESTART_TIMERS = F,
 AUXHIST1_INNAME = auxhist1_d<domain>_<date>                                                                                         
                                                                                                                                     
           ,
 AUXHIST1_OUTNAME        = auxhist1_d<domain>_<date>                                                                                 
                                                                                                                                     
                   ,
 AUXHIST1_INTERVAL_Y     = 11*0,
 AUXHIST1_INTERVAL_D     = 11*0,
 AUXHIST1_INTERVAL_H     = 11*0,
 AUXHIST1_INTERVAL_M     = 11*0,
 AUXHIST1_INTERVAL_S     = 11*0,
 AUXHIST1_INTERVAL       = 11*0,
 AUXHIST1_BEGIN_Y        = 11*0,
 AUXHIST1_BEGIN_D        = 11*0,
 AUXHIST1_BEGIN_H        = 11*0,
 AUXHIST1_BEGIN_M        = 11*0,
 AUXHIST1_BEGIN_S        = 11*0,
 AUXHIST1_BEGIN  = 11*0,
 AUXHIST1_END_Y  = 11*0,
 AUXHIST1_END_D  = 11*0,
 AUXHIST1_END_H  = 11*0,
 AUXHIST1_END_M  = 11*0,
 AUXHIST1_END_S  = 11*0,
 AUXHIST1_END    = 11*0,
 IO_FORM_AUXHIST1        =           0,
 FRAMES_PER_AUXHIST1     = 11*999999,
 AUXHIST2_INNAME = auxhist2_d<domain>_<date>                                                                                         
                                                                                                                                     
           ,
 AUXHIST2_OUTNAME        = auxhist2_d<domain>_<date>                                                                                 
                                                                                                                                     
                   ,
 AUXHIST2_INTERVAL_Y     = 11*0,
 AUXHIST2_INTERVAL_D     = 11*0,
 AUXHIST2_INTERVAL_H     = 11*0,
 AUXHIST2_INTERVAL_M     = 11*0,
 AUXHIST2_INTERVAL_S     = 11*0,
 AUXHIST2_INTERVAL       = 11*0,
 AUXHIST2_BEGIN_Y        = 11*0,
 AUXHIST2_BEGIN_D        = 11*0,
 AUXHIST2_BEGIN_H        = 11*0,
 AUXHIST2_BEGIN_M        = 11*0,
 AUXHIST2_BEGIN_S        = 11*0,
 AUXHIST2_BEGIN  = 11*0,
 AUXHIST2_END_Y  = 11*0,
 AUXHIST2_END_D  = 11*0,
 AUXHIST2_END_H  = 11*0,
 AUXHIST2_END_M  = 11*0,
 AUXHIST2_END_S  = 11*0,
 AUXHIST2_END    = 11*0,
 IO_FORM_AUXHIST2        =           0,
 FRAMES_PER_AUXHIST2     = 11*999999,
 AUXHIST3_INNAME = auxhist3_d<domain>_<date>                                                                                         
                                                                                                                                     
           ,
 AUXHIST3_OUTNAME        = auxhist3_d<domain>_<date>                                                                                 
                                                                                                                                     
                   ,
 AUXHIST3_INTERVAL_Y     = 11*0,
 AUXHIST3_INTERVAL_D     = 11*0,
 AUXHIST3_INTERVAL_H     = 11*0,
 AUXHIST3_INTERVAL_M     = 11*0,
 AUXHIST3_INTERVAL_S     = 11*0,
 AUXHIST3_INTERVAL       = 11*0,
 AUXHIST3_BEGIN_Y        = 11*0,
 AUXHIST3_BEGIN_D        = 11*0,
 AUXHIST3_BEGIN_H        = 11*0,
 AUXHIST3_BEGIN_M        = 11*0,
 AUXHIST3_BEGIN_S        = 11*0,
 AUXHIST3_BEGIN  = 11*0,
 AUXHIST3_END_Y  = 11*0,
 AUXHIST3_END_D  = 11*0,
 AUXHIST3_END_H  = 11*0,
 AUXHIST3_END_M  = 11*0,
 AUXHIST3_END_S  = 11*0,
 AUXHIST3_END    = 11*0,
 IO_FORM_AUXHIST3        =           0,
 FRAMES_PER_AUXHIST3     = 11*999999,
 AUXHIST4_INNAME = auxhist4_d<domain>_<date>                                                                                         
                                                                                                                                     
           ,
 AUXHIST4_OUTNAME        = auxhist4_d<domain>_<date>                                                                                 
                                                                                                                                     
                   ,
 AUXHIST4_INTERVAL_Y     = 11*0,
 AUXHIST4_INTERVAL_D     = 11*0,
 AUXHIST4_INTERVAL_H     = 11*0,
 AUXHIST4_INTERVAL_M     = 11*0,
 AUXHIST4_INTERVAL_S     = 11*0,
 AUXHIST4_INTERVAL       = 11*0,
 AUXHIST4_BEGIN_Y        = 11*0,
 AUXHIST4_BEGIN_D        = 11*0,
 AUXHIST4_BEGIN_H        = 11*0,
 AUXHIST4_BEGIN_M        = 11*0,
 AUXHIST4_BEGIN_S        = 11*0,
 AUXHIST4_BEGIN  = 11*0,
 AUXHIST4_END_Y  = 11*0,
 AUXHIST4_END_D  = 11*0,
 AUXHIST4_END_H  = 11*0,
 AUXHIST4_END_M  = 11*0,
 AUXHIST4_END_S  = 11*0,
 AUXHIST4_END    = 11*0,
 IO_FORM_AUXHIST4        =           0,
 FRAMES_PER_AUXHIST4     = 11*999999,
 AUXHIST5_INNAME = auxhist5_d<domain>_<date>                                                                                         
                                                                                                                                     
           ,
 AUXHIST5_OUTNAME        = auxhist5_d<domain>_<date>                                                                                 
                                                                                                                                     
                   ,
 AUXHIST5_INTERVAL_Y     = 11*0,
 AUXHIST5_INTERVAL_D     = 11*0,
 AUXHIST5_INTERVAL_H     = 11*0,
 AUXHIST5_INTERVAL_M     = 11*0,
 AUXHIST5_INTERVAL_S     = 11*0,
 AUXHIST5_INTERVAL       = 11*0,
 AUXHIST5_BEGIN_Y        = 11*0,
 AUXHIST5_BEGIN_D        = 11*0,
 AUXHIST5_BEGIN_H        = 11*0,
 AUXHIST5_BEGIN_M        = 11*0,
 AUXHIST5_BEGIN_S        = 11*0,
 AUXHIST5_BEGIN  = 11*0,
 AUXHIST5_END_Y  = 11*0,
 AUXHIST5_END_D  = 11*0,
 AUXHIST5_END_H  = 11*0,
 AUXHIST5_END_M  = 11*0,
 AUXHIST5_END_S  = 11*0,
 AUXHIST5_END    = 11*0,
 IO_FORM_AUXHIST5        =           0,
 FRAMES_PER_AUXHIST5     = 11*999999,
 AUXHIST6_INNAME = auxhist6_d<domain>_<date>                                                                                         
                                                                                                                                     
           ,
 AUXHIST6_OUTNAME        = auxhist6_d<domain>_<date>                                                                                 
                                                                                                                                     
                   ,
 AUXHIST6_INTERVAL_Y     = 11*0,
 AUXHIST6_INTERVAL_D     = 11*0,
 AUXHIST6_INTERVAL_H     = 11*0,
 AUXHIST6_INTERVAL_M     = 11*0,
 AUXHIST6_INTERVAL_S     = 11*0,
 AUXHIST6_INTERVAL       = 11*0,
 AUXHIST6_BEGIN_Y        = 11*0,
 AUXHIST6_BEGIN_D        = 11*0,
 AUXHIST6_BEGIN_H        = 11*0,
 AUXHIST6_BEGIN_M        = 11*0,
 AUXHIST6_BEGIN_S        = 11*0,
 AUXHIST6_BEGIN  = 11*0,
 AUXHIST6_END_Y  = 11*0,
 AUXHIST6_END_D  = 11*0,
 AUXHIST6_END_H  = 11*0,
 AUXHIST6_END_M  = 11*0,
 AUXHIST6_END_S  = 11*0,
 AUXHIST6_END    = 11*0,
 IO_FORM_AUXHIST6        =           0,
 FRAMES_PER_AUXHIST6     = 11*999999,
 AUXHIST7_INNAME = auxhist7_d<domain>_<date>                                                                                         
                                                                                                                                     
           ,
 AUXHIST7_OUTNAME        = auxhist7_d<domain>_<date>                                                                                 
                                                                                                                                     
                   ,
 AUXHIST7_INTERVAL_Y     = 11*0,
 AUXHIST7_INTERVAL_D     = 11*0,
 AUXHIST7_INTERVAL_H     = 11*0,
 AUXHIST7_INTERVAL_M     = 11*0,
 AUXHIST7_INTERVAL_S     = 11*0,
 AUXHIST7_INTERVAL       = 11*0,
 AUXHIST7_BEGIN_Y        = 11*0,
 AUXHIST7_BEGIN_D        = 11*0,
 AUXHIST7_BEGIN_H        = 11*0,
 AUXHIST7_BEGIN_M        = 11*0,
 AUXHIST7_BEGIN_S        = 11*0,
 AUXHIST7_BEGIN  = 11*0,
 AUXHIST7_END_Y  = 11*0,
 AUXHIST7_END_D  = 11*0,
 AUXHIST7_END_H  = 11*0,
 AUXHIST7_END_M  = 11*0,
 AUXHIST7_END_S  = 11*0,
 AUXHIST7_END    = 11*0,
 IO_FORM_AUXHIST7        =           0,
 FRAMES_PER_AUXHIST7     = 11*999999,
 AUXHIST8_INNAME = auxhist8_d<domain>_<date>                                                                                         
                                                                                                                                     
           ,
 AUXHIST8_OUTNAME        = auxhist8_d<domain>_<date>                                                                                 
                                                                                                                                     
                   ,
 AUXHIST8_INTERVAL_Y     = 11*0,
 AUXHIST8_INTERVAL_D     = 11*0,
 AUXHIST8_INTERVAL_H     = 11*0,
 AUXHIST8_INTERVAL_M     = 11*0,
 AUXHIST8_INTERVAL_S     = 11*0,
 AUXHIST8_INTERVAL       = 11*0,
 AUXHIST8_BEGIN_Y        = 11*0,
 AUXHIST8_BEGIN_D        = 11*0,
 AUXHIST8_BEGIN_H        = 11*0,
 AUXHIST8_BEGIN_M        = 11*0,
 AUXHIST8_BEGIN_S        = 11*0,
 AUXHIST8_BEGIN  = 11*0,
 AUXHIST8_END_Y  = 11*0,
 AUXHIST8_END_D  = 11*0,
 AUXHIST8_END_H  = 11*0,
 AUXHIST8_END_M  = 11*0,
 AUXHIST8_END_S  = 11*0,
 AUXHIST8_END    = 11*0,
 IO_FORM_AUXHIST8        =           0,
 FRAMES_PER_AUXHIST8     = 11*999999,
 AUXHIST9_INNAME = auxhist9_d<domain>_<date>                                                                                         
                                                                                                                                     
           ,
 AUXHIST9_OUTNAME        = auxhist9_d<domain>_<date>                                                                                 
                                                                                                                                     
                   ,
 AUXHIST9_INTERVAL_Y     = 11*0,
 AUXHIST9_INTERVAL_D     = 11*0,
 AUXHIST9_INTERVAL_H     = 11*0,
 AUXHIST9_INTERVAL_M     = 11*0,
 AUXHIST9_INTERVAL_S     = 11*0,
 AUXHIST9_INTERVAL       = 11*0,
 AUXHIST9_BEGIN_Y        = 11*0,
 AUXHIST9_BEGIN_D        = 11*0,
 AUXHIST9_BEGIN_H        = 11*0,
 AUXHIST9_BEGIN_M        = 11*0,
 AUXHIST9_BEGIN_S        = 11*0,
 AUXHIST9_BEGIN  = 11*0,
 AUXHIST9_END_Y  = 11*0,
 AUXHIST9_END_D  = 11*0,
 AUXHIST9_END_H  = 11*0,
 AUXHIST9_END_M  = 11*0,
 AUXHIST9_END_S  = 11*0,
 AUXHIST9_END    = 11*0,
 IO_FORM_AUXHIST9        =           0,
 FRAMES_PER_AUXHIST9     = 11*999999,
 AUXHIST10_INNAME        = auxhist10_d<domain>_<date>                                                                                
                                                                                                                                     
                   ,
 AUXHIST10_OUTNAME       = auxhist10_d<domain>_<date>                                                                                
                                                                                                                                     
                   ,
 AUXHIST10_INTERVAL_Y    = 11*0,
 AUXHIST10_INTERVAL_D    = 11*0,
 AUXHIST10_INTERVAL_H    = 11*0,
 AUXHIST10_INTERVAL_M    = 11*0,
 AUXHIST10_INTERVAL_S    = 11*0,
 AUXHIST10_INTERVAL      = 11*0,
 AUXHIST10_BEGIN_Y       = 11*0,
 AUXHIST10_BEGIN_D       = 11*0,
 AUXHIST10_BEGIN_H       = 11*0,
 AUXHIST10_BEGIN_M       = 11*0,
 AUXHIST10_BEGIN_S       = 11*0,
 AUXHIST10_BEGIN = 11*0,
 AUXHIST10_END_Y = 11*0,
 AUXHIST10_END_D = 11*0,
 AUXHIST10_END_H = 11*0,
 AUXHIST10_END_M = 11*0,
 AUXHIST10_END_S = 11*0,
 AUXHIST10_END   = 11*0,
 IO_FORM_AUXHIST10       =           0,
 FRAMES_PER_AUXHIST10    = 11*999999,
 AUXHIST11_INNAME        = auxhist11_d<domain>_<date>                                                                                
                                                                                                                                     
                   ,
 AUXHIST11_OUTNAME       = auxhist11_d<domain>_<date>                                                                                
                                                                                                                                     
                   ,
 AUXHIST11_INTERVAL_Y    = 11*0,
 AUXHIST11_INTERVAL_D    = 11*0,
 AUXHIST11_INTERVAL_H    = 11*0,
 AUXHIST11_INTERVAL_M    = 11*0,
 AUXHIST11_INTERVAL_S    = 11*0,
 AUXHIST11_INTERVAL      = 11*0,
 AUXHIST11_BEGIN_Y       = 11*0,
 AUXHIST11_BEGIN_D       = 11*0,
 AUXHIST11_BEGIN_H       = 11*0,
 AUXHIST11_BEGIN_M       = 11*0,
 AUXHIST11_BEGIN_S       = 11*0,
 AUXHIST11_BEGIN = 11*0,
 AUXHIST11_END_Y = 11*0,
 AUXHIST11_END_D = 11*0,
 AUXHIST11_END_H = 11*0,
 AUXHIST11_END_M = 11*0,
 AUXHIST11_END_S = 11*0,
 AUXHIST11_END   = 11*0,
 IO_FORM_AUXHIST11       =           0,
 FRAMES_PER_AUXHIST11    = 11*999999,
 AUXHIST12_INNAME        = auxhist12_d<domain>_<date>                                                                                
                                                                                                                                     
                   ,
 AUXHIST12_OUTNAME       = auxhist12_d<domain>_<date>                                                                                
                                                                                                                                     
                   ,
 AUXHIST12_INTERVAL_Y    = 11*0,
 AUXHIST12_INTERVAL_D    = 11*0,
 AUXHIST12_INTERVAL_H    = 11*0,
 AUXHIST12_INTERVAL_M    = 11*0,
 AUXHIST12_INTERVAL_S    = 11*0,
 AUXHIST12_INTERVAL      = 11*0,
 AUXHIST12_BEGIN_Y       = 11*0,
 AUXHIST12_BEGIN_D       = 11*0,
 AUXHIST12_BEGIN_H       = 11*0,
 AUXHIST12_BEGIN_M       = 11*0,
 AUXHIST12_BEGIN_S       = 11*0,
 AUXHIST12_BEGIN = 11*0,
 AUXHIST12_END_Y = 11*0,
 AUXHIST12_END_D = 11*0,
 AUXHIST12_END_H = 11*0,
 AUXHIST12_END_M = 11*0,
 AUXHIST12_END_S = 11*0,
 AUXHIST12_END   = 11*0,
 IO_FORM_AUXHIST12       =           0,
 FRAMES_PER_AUXHIST12    = 11*999999,
 AUXHIST13_INNAME        = auxhist13_d<domain>_<date>                                                                                
                                                                                                                                     
                   ,
 AUXHIST13_OUTNAME       = auxhist13_d<domain>_<date>                                                                                
                                                                                                                                     
                   ,
 AUXHIST13_INTERVAL_Y    = 11*0,
 AUXHIST13_INTERVAL_D    = 11*0,
 AUXHIST13_INTERVAL_H    = 11*0,
 AUXHIST13_INTERVAL_M    = 11*0,
 AUXHIST13_INTERVAL_S    = 11*0,
 AUXHIST13_INTERVAL      = 11*0,
 AUXHIST13_BEGIN_Y       = 11*0,
 AUXHIST13_BEGIN_D       = 11*0,
 AUXHIST13_BEGIN_H       = 11*0,
 AUXHIST13_BEGIN_M       = 11*0,
 AUXHIST13_BEGIN_S       = 11*0,
 AUXHIST13_BEGIN = 11*0,
 AUXHIST13_END_Y = 11*0,
 AUXHIST13_END_D = 11*0,
 AUXHIST13_END_H = 11*0,
 AUXHIST13_END_M = 11*0,
 AUXHIST13_END_S = 11*0,
 AUXHIST13_END   = 11*0,
 IO_FORM_AUXHIST13       =           0,
 FRAMES_PER_AUXHIST13    = 11*999999,
 AUXHIST14_INNAME        = auxhist14_d<domain>_<date>                                                                                
                                                                                                                                     
                   ,
 AUXHIST14_OUTNAME       = auxhist14_d<domain>_<date>                                                                                
                                                                                                                                     
                   ,
 AUXHIST14_INTERVAL_Y    = 11*0,
 AUXHIST14_INTERVAL_D    = 11*0,
 AUXHIST14_INTERVAL_H    = 11*0,
 AUXHIST14_INTERVAL_M    = 11*0,
 AUXHIST14_INTERVAL_S    = 11*0,
 AUXHIST14_INTERVAL      = 11*0,
 AUXHIST14_BEGIN_Y       = 11*0,
 AUXHIST14_BEGIN_D       = 11*0,
 AUXHIST14_BEGIN_H       = 11*0,
 AUXHIST14_BEGIN_M       = 11*0,
 AUXHIST14_BEGIN_S       = 11*0,
 AUXHIST14_BEGIN = 11*0,
 AUXHIST14_END_Y = 11*0,
 AUXHIST14_END_D = 11*0,
 AUXHIST14_END_H = 11*0,
 AUXHIST14_END_M = 11*0,
 AUXHIST14_END_S = 11*0,
 AUXHIST14_END   = 11*0,
 IO_FORM_AUXHIST14       =           0,
 FRAMES_PER_AUXHIST14    = 11*999999,
 AUXHIST15_INNAME        = auxhist15_d<domain>_<date>                                                                                
                                                                                                                                     
                   ,
 AUXHIST15_OUTNAME       = auxhist15_d<domain>_<date>                                                                                
                                                                                                                                     
                   ,
 AUXHIST15_INTERVAL_Y    = 11*0,
 AUXHIST15_INTERVAL_D    = 11*0,
 AUXHIST15_INTERVAL_H    = 11*0,
 AUXHIST15_INTERVAL_M    = 11*0,
 AUXHIST15_INTERVAL_S    = 11*0,
 AUXHIST15_INTERVAL      = 11*0,
 AUXHIST15_BEGIN_Y       = 11*0,
 AUXHIST15_BEGIN_D       = 11*0,
 AUXHIST15_BEGIN_H       = 11*0,
 AUXHIST15_BEGIN_M       = 11*0,
 AUXHIST15_BEGIN_S       = 11*0,
 AUXHIST15_BEGIN = 11*0,
 AUXHIST15_END_Y = 11*0,
 AUXHIST15_END_D = 11*0,
 AUXHIST15_END_H = 11*0,
 AUXHIST15_END_M = 11*0,
 AUXHIST15_END_S = 11*0,
 AUXHIST15_END   = 11*0,
 IO_FORM_AUXHIST15       =           0,
 FRAMES_PER_AUXHIST15    = 11*999999,
 AUXHIST16_INNAME        = auxhist16_d<domain>_<date>                                                                                
                                                                                                                                     
                   ,
 AUXHIST16_OUTNAME       = auxhist16_d<domain>_<date>                                                                                
                                                                                                                                     
                   ,
 AUXHIST16_INTERVAL_Y    = 11*0,
 AUXHIST16_INTERVAL_D    = 11*0,
 AUXHIST16_INTERVAL_H    = 11*0,
 AUXHIST16_INTERVAL_M    = 11*0,
 AUXHIST16_INTERVAL_S    = 11*0,
 AUXHIST16_INTERVAL      = 11*0,
 AUXHIST16_BEGIN_Y       = 11*0,
 AUXHIST16_BEGIN_D       = 11*0,
 AUXHIST16_BEGIN_H       = 11*0,
 AUXHIST16_BEGIN_M       = 11*0,
 AUXHIST16_BEGIN_S       = 11*0,
 AUXHIST16_BEGIN = 11*0,
 AUXHIST16_END_Y = 11*0,
 AUXHIST16_END_D = 11*0,
 AUXHIST16_END_H = 11*0,
 AUXHIST16_END_M = 11*0,
 AUXHIST16_END_S = 11*0,
 AUXHIST16_END   = 11*0,
 IO_FORM_AUXHIST16       =           0,
 FRAMES_PER_AUXHIST16    = 11*999999,
 AUXHIST17_INNAME        = auxhist17_d<domain>_<date>                                                                                
                                                                                                                                     
                   ,
 AUXHIST17_OUTNAME       = auxhist17_d<domain>_<date>                                                                                
                                                                                                                                     
                   ,
 AUXHIST17_INTERVAL_Y    = 11*0,
 AUXHIST17_INTERVAL_D    = 11*0,
 AUXHIST17_INTERVAL_H    = 11*0,
 AUXHIST17_INTERVAL_M    = 11*0,
 AUXHIST17_INTERVAL_S    = 11*0,
 AUXHIST17_INTERVAL      = 11*0,
 AUXHIST17_BEGIN_Y       = 11*0,
 AUXHIST17_BEGIN_D       = 11*0,
 AUXHIST17_BEGIN_H       = 11*0,
 AUXHIST17_BEGIN_M       = 11*0,
 AUXHIST17_BEGIN_S       = 11*0,
 AUXHIST17_BEGIN = 11*0,
 AUXHIST17_END_Y = 11*0,
 AUXHIST17_END_D = 11*0,
 AUXHIST17_END_H = 11*0,
 AUXHIST17_END_M = 11*0,
 AUXHIST17_END_S = 11*0,
 AUXHIST17_END   = 11*0,
 IO_FORM_AUXHIST17       =           0,
 FRAMES_PER_AUXHIST17    = 11*999999,
 AUXHIST18_INNAME        = auxhist18_d<domain>_<date>                                                                                
                                                                                                                                     
                   ,
 AUXHIST18_OUTNAME       = auxhist18_d<domain>_<date>                                                                                
                                                                                                                                     
                   ,
 AUXHIST18_INTERVAL_Y    = 11*0,
 AUXHIST18_INTERVAL_D    = 11*0,
 AUXHIST18_INTERVAL_H    = 11*0,
 AUXHIST18_INTERVAL_M    = 11*0,
 AUXHIST18_INTERVAL_S    = 11*0,
 AUXHIST18_INTERVAL      = 11*0,
 AUXHIST18_BEGIN_Y       = 11*0,
 AUXHIST18_BEGIN_D       = 11*0,
 AUXHIST18_BEGIN_H       = 11*0,
 AUXHIST18_BEGIN_M       = 11*0,
 AUXHIST18_BEGIN_S       = 11*0,
 AUXHIST18_BEGIN = 11*0,
 AUXHIST18_END_Y = 11*0,
 AUXHIST18_END_D = 11*0,
 AUXHIST18_END_H = 11*0,
 AUXHIST18_END_M = 11*0,
 AUXHIST18_END_S = 11*0,
 AUXHIST18_END   = 11*0,
 IO_FORM_AUXHIST18       =           0,
 FRAMES_PER_AUXHIST18    = 11*999999,
 AUXHIST19_INNAME        = auxhist19_d<domain>_<date>                                                                                
                                                                                                                                     
                   ,
 AUXHIST19_OUTNAME       = auxhist19_d<domain>_<date>                                                                                
                                                                                                                                     
                   ,
 AUXHIST19_INTERVAL_Y    = 11*0,
 AUXHIST19_INTERVAL_D    = 11*0,
 AUXHIST19_INTERVAL_H    = 11*0,
 AUXHIST19_INTERVAL_M    = 11*0,
 AUXHIST19_INTERVAL_S    = 11*0,
 AUXHIST19_INTERVAL      = 11*0,
 AUXHIST19_BEGIN_Y       = 11*0,
 AUXHIST19_BEGIN_D       = 11*0,
 AUXHIST19_BEGIN_H       = 11*0,
 AUXHIST19_BEGIN_M       = 11*0,
 AUXHIST19_BEGIN_S       = 11*0,
 AUXHIST19_BEGIN = 11*0,
 AUXHIST19_END_Y = 11*0,
 AUXHIST19_END_D = 11*0,
 AUXHIST19_END_H = 11*0,
 AUXHIST19_END_M = 11*0,
 AUXHIST19_END_S = 11*0,
 AUXHIST19_END   = 11*0,
 IO_FORM_AUXHIST19       =           0,
 FRAMES_PER_AUXHIST19    = 11*999999,
 AUXHIST20_INNAME        = auxhist20_d<domain>_<date>                                                                                
                                                                                                                                     
                   ,
 AUXHIST20_OUTNAME       = auxhist20_d<domain>_<date>                                                                                
                                                                                                                                     
                   ,
 AUXHIST20_INTERVAL_Y    = 11*0,
 AUXHIST20_INTERVAL_D    = 11*0,
 AUXHIST20_INTERVAL_H    = 11*0,
 AUXHIST20_INTERVAL_M    = 11*0,
 AUXHIST20_INTERVAL_S    = 11*0,
 AUXHIST20_INTERVAL      = 11*0,
 AUXHIST20_BEGIN_Y       = 11*0,
 AUXHIST20_BEGIN_D       = 11*0,
 AUXHIST20_BEGIN_H       = 11*0,
 AUXHIST20_BEGIN_M       = 11*0,
 AUXHIST20_BEGIN_S       = 11*0,
 AUXHIST20_BEGIN = 11*0,
 AUXHIST20_END_Y = 11*0,
 AUXHIST20_END_D = 11*0,
 AUXHIST20_END_H = 11*0,
 AUXHIST20_END_M = 11*0,
 AUXHIST20_END_S = 11*0,
 AUXHIST20_END   = 11*0,
 IO_FORM_AUXHIST20       =           0,
 FRAMES_PER_AUXHIST20    = 11*999999,
 AUXHIST21_INNAME        = auxhist21_d<domain>_<date>                                                                                
                                                                                                                                     
                   ,
 AUXHIST21_OUTNAME       = auxhist21_d<domain>_<date>                                                                                
                                                                                                                                     
                   ,
 AUXHIST21_INTERVAL_Y    = 11*0,
 AUXHIST21_INTERVAL_D    = 11*0,
 AUXHIST21_INTERVAL_H    = 11*0,
 AUXHIST21_INTERVAL_M    = 11*0,
 AUXHIST21_INTERVAL_S    = 11*0,
 AUXHIST21_INTERVAL      = 11*0,
 AUXHIST21_BEGIN_Y       = 11*0,
 AUXHIST21_BEGIN_D       = 11*0,
 AUXHIST21_BEGIN_H       = 11*0,
 AUXHIST21_BEGIN_M       = 11*0,
 AUXHIST21_BEGIN_S       = 11*0,
 AUXHIST21_BEGIN = 11*0,
 AUXHIST21_END_Y = 11*0,
 AUXHIST21_END_D = 11*0,
 AUXHIST21_END_H = 11*0,
 AUXHIST21_END_M = 11*0,
 AUXHIST21_END_S = 11*0,
 AUXHIST21_END   = 11*0,
 IO_FORM_AUXHIST21       =           0,
 FRAMES_PER_AUXHIST21    = 11*999999,
 AUXHIST22_INNAME        = auxhist22_d<domain>_<date>                                                                                
                                                                                                                                     
                   ,
 AUXHIST22_OUTNAME       = auxhist22_d<domain>_<date>                                                                                
                                                                                                                                     
                   ,
 AUXHIST22_INTERVAL_Y    = 11*0,
 AUXHIST22_INTERVAL_D    = 11*0,
 AUXHIST22_INTERVAL_H    = 11*0,
 AUXHIST22_INTERVAL_M    = 11*0,
 AUXHIST22_INTERVAL_S    = 11*0,
 AUXHIST22_INTERVAL      = 11*0,
 AUXHIST22_BEGIN_Y       = 11*0,
 AUXHIST22_BEGIN_D       = 11*0,
 AUXHIST22_BEGIN_H       = 11*0,
 AUXHIST22_BEGIN_M       = 11*0,
 AUXHIST22_BEGIN_S       = 11*0,
 AUXHIST22_BEGIN = 11*0,
 AUXHIST22_END_Y = 11*0,
 AUXHIST22_END_D = 11*0,
 AUXHIST22_END_H = 11*0,
 AUXHIST22_END_M = 11*0,
 AUXHIST22_END_S = 11*0,
 AUXHIST22_END   = 11*0,
 IO_FORM_AUXHIST22       =           0,
 FRAMES_PER_AUXHIST22    = 11*999999,
 AUXHIST23_INNAME        = auxhist23_d<domain>_<date>                                                                                
                                                                                                                                     
                   ,
 AUXHIST23_OUTNAME       = auxhist23_d<domain>_<date>                                                                                
                                                                                                                                     
                   ,
 AUXHIST23_INTERVAL_Y    = 11*0,
 AUXHIST23_INTERVAL_D    = 11*0,
 AUXHIST23_INTERVAL_H    = 11*0,
 AUXHIST23_INTERVAL_M    = 11*0,
 AUXHIST23_INTERVAL_S    = 11*0,
 AUXHIST23_INTERVAL      = 11*0,
 AUXHIST23_BEGIN_Y       = 11*0,
 AUXHIST23_BEGIN_D       = 11*0,
 AUXHIST23_BEGIN_H       = 11*0,
 AUXHIST23_BEGIN_M       = 11*0,
 AUXHIST23_BEGIN_S       = 11*0,
 AUXHIST23_BEGIN = 11*0,
 AUXHIST23_END_Y = 11*0,
 AUXHIST23_END_D = 11*0,
 AUXHIST23_END_H = 11*0,
 AUXHIST23_END_M = 11*0,
 AUXHIST23_END_S = 11*0,
 AUXHIST23_END   = 11*0,
 IO_FORM_AUXHIST23       =           0,
 FRAMES_PER_AUXHIST23    = 11*999999,
 AUXHIST24_INNAME        = auxhist24_d<domain>_<date>                                                                                
                                                                                                                                     
                   ,
 AUXHIST24_OUTNAME       = auxhist24_d<domain>_<date>                                                                                
                                                                                                                                     
                   ,
 AUXHIST24_INTERVAL_Y    = 11*0,
 AUXHIST24_INTERVAL_D    = 11*0,
 AUXHIST24_INTERVAL_H    = 11*0,
 AUXHIST24_INTERVAL_M    = 11*0,
 AUXHIST24_INTERVAL_S    = 11*0,
 AUXHIST24_INTERVAL      = 11*0,
 AUXHIST24_BEGIN_Y       = 11*0,
 AUXHIST24_BEGIN_D       = 11*0,
 AUXHIST24_BEGIN_H       = 11*0,
 AUXHIST24_BEGIN_M       = 11*0,
 AUXHIST24_BEGIN_S       = 11*0,
 AUXHIST24_BEGIN = 11*0,
 AUXHIST24_END_Y = 11*0,
 AUXHIST24_END_D = 11*0,
 AUXHIST24_END_H = 11*0,
 AUXHIST24_END_M = 11*0,
 AUXHIST24_END_S = 11*0,
 AUXHIST24_END   = 11*0,
 IO_FORM_AUXHIST24       =           0,
 FRAMES_PER_AUXHIST24    = 11*999999,
 AUXINPUT1_OUTNAME       = auxinput1_d<domain>_<date>                                                                                
                                                                                                                                     
                   ,
 AUXINPUT1_INTERVAL_Y    = 11*0,
 AUXINPUT1_INTERVAL_D    = 11*0,
 AUXINPUT1_INTERVAL_H    = 11*0,
 AUXINPUT1_INTERVAL_M    = 11*0,
 AUXINPUT1_INTERVAL_S    = 11*0,
 AUXINPUT1_INTERVAL      = 11*0,
 AUXINPUT1_BEGIN_Y       = 11*0,
 AUXINPUT1_BEGIN_D       = 11*0,
 AUXINPUT1_BEGIN_H       = 11*0,
 AUXINPUT1_BEGIN_M       = 11*0,
 AUXINPUT1_BEGIN_S       = 11*0,
 AUXINPUT1_BEGIN = 11*0,
 AUXINPUT1_END_Y = 11*0,
 AUXINPUT1_END_D = 11*0,
 AUXINPUT1_END_H = 11*0,
 AUXINPUT1_END_M = 11*0,
 AUXINPUT1_END_S = 11*0,
 AUXINPUT1_END   = 11*0,
 FRAMES_PER_AUXINPUT1    = 11*999999,
 AUXINPUT2_INNAME        = auxinput2_d<domain>_<date>                                                                                
                                                                                                                                     
                   ,
 AUXINPUT2_OUTNAME       = auxinput2_d<domain>_<date>                                                                                
                                                                                                                                     
                   ,
 AUXINPUT2_INTERVAL_Y    = 11*0,
 AUXINPUT2_INTERVAL_D    = 11*0,
 AUXINPUT2_INTERVAL_H    = 11*0,
 AUXINPUT2_INTERVAL_M    = 11*0,
 AUXINPUT2_INTERVAL_S    = 11*0,
 AUXINPUT2_INTERVAL      = 11*0,
 AUXINPUT2_BEGIN_Y       = 11*0,
 AUXINPUT2_BEGIN_D       = 11*0,
 AUXINPUT2_BEGIN_H       = 11*0,
 AUXINPUT2_BEGIN_M       = 11*0,
 AUXINPUT2_BEGIN_S       = 11*0,
 AUXINPUT2_BEGIN = 11*0,
 AUXINPUT2_END_Y = 11*0,
 AUXINPUT2_END_D = 11*0,
 AUXINPUT2_END_H = 11*0,
 AUXINPUT2_END_M = 11*0,
 AUXINPUT2_END_S = 11*0,
 AUXINPUT2_END   = 11*0,
 IO_FORM_AUXINPUT2       =           0,
 FRAMES_PER_AUXINPUT2    = 11*999999,
 AUXINPUT3_INNAME        = auxinput3_d<domain>_<date>                                                                                
                                                                                                                                     
                   ,
 AUXINPUT3_OUTNAME       = auxinput3_d<domain>_<date>                                                                                
                                                                                                                                     
                   ,
 AUXINPUT3_INTERVAL_Y    = 11*0,
 AUXINPUT3_INTERVAL_D    = 11*0,
 AUXINPUT3_INTERVAL_H    = 11*0,
 AUXINPUT3_INTERVAL_M    = 11*0,
 AUXINPUT3_INTERVAL_S    = 11*0,
 AUXINPUT3_INTERVAL      = 11*0,
 AUXINPUT3_BEGIN_Y       = 11*0,
 AUXINPUT3_BEGIN_D       = 11*0,
 AUXINPUT3_BEGIN_H       = 11*0,
 AUXINPUT3_BEGIN_M       = 11*0,
 AUXINPUT3_BEGIN_S       = 11*0,
 AUXINPUT3_BEGIN = 11*0,
 AUXINPUT3_END_Y = 11*0,
 AUXINPUT3_END_D = 11*0,
 AUXINPUT3_END_H = 11*0,
 AUXINPUT3_END_M = 11*0,
 AUXINPUT3_END_S = 11*0,
 AUXINPUT3_END   = 11*0,
 IO_FORM_AUXINPUT3       =           0,
 FRAMES_PER_AUXINPUT3    = 11*999999,
 AUXINPUT4_INNAME        = auxinput4_d<domain>_<date>                                                                                
                                                                                                                                     
                   ,
 AUXINPUT4_OUTNAME       = auxinput4_d<domain>_<date>                                                                                
                                                                                                                                     
                   ,
 AUXINPUT4_INTERVAL_Y    = 11*0,
 AUXINPUT4_INTERVAL_D    = 11*0,
 AUXINPUT4_INTERVAL_H    = 11*0,
 AUXINPUT4_INTERVAL_M    = 11*0,
 AUXINPUT4_INTERVAL_S    = 11*0,
 AUXINPUT4_INTERVAL      = 11*0,
 AUXINPUT4_BEGIN_Y       = 11*0,
 AUXINPUT4_BEGIN_D       = 11*0,
 AUXINPUT4_BEGIN_H       = 11*0,
 AUXINPUT4_BEGIN_M       = 11*0,
 AUXINPUT4_BEGIN_S       = 11*0,
 AUXINPUT4_BEGIN = 11*0,
 AUXINPUT4_END_Y = 11*0,
 AUXINPUT4_END_D = 11*0,
 AUXINPUT4_END_H = 11*0,
 AUXINPUT4_END_M = 11*0,
 AUXINPUT4_END_S = 11*0,
 AUXINPUT4_END   = 11*0,
 IO_FORM_AUXINPUT4       =           0,
 FRAMES_PER_AUXINPUT4    = 11*999999,
 AUXINPUT5_INNAME        = auxinput5_d<domain>_<date>                                                                                
                                                                                                                                     
                   ,
 AUXINPUT5_OUTNAME       = auxinput5_d<domain>_<date>                                                                                
                                                                                                                                     
                   ,
 AUXINPUT5_INTERVAL_Y    = 11*0,
 AUXINPUT5_INTERVAL_D    = 11*0,
 AUXINPUT5_INTERVAL_H    = 11*0,
 AUXINPUT5_INTERVAL_M    = 11*0,
 AUXINPUT5_INTERVAL_S    = 11*0,
 AUXINPUT5_INTERVAL      = 11*0,
 AUXINPUT5_BEGIN_Y       = 11*0,
 AUXINPUT5_BEGIN_D       = 11*0,
 AUXINPUT5_BEGIN_H       = 11*0,
 AUXINPUT5_BEGIN_M       = 11*0,
 AUXINPUT5_BEGIN_S       = 11*0,
 AUXINPUT5_BEGIN = 11*0,
 AUXINPUT5_END_Y = 11*0,
 AUXINPUT5_END_D = 11*0,
 AUXINPUT5_END_H = 11*0,
 AUXINPUT5_END_M = 11*0,
 AUXINPUT5_END_S = 11*0,
 AUXINPUT5_END   = 11*0,
 IO_FORM_AUXINPUT5       =           0,
 FRAMES_PER_AUXINPUT5    = 11*999999,
 AUXINPUT6_INNAME        = auxinput6_d<domain>_<date>                                                                                
                                                                                                                                     
                   ,
 AUXINPUT6_OUTNAME       = auxinput6_d<domain>_<date>                                                                                
                                                                                                                                     
                   ,
 AUXINPUT6_INTERVAL_Y    = 11*0,
 AUXINPUT6_INTERVAL_D    = 11*0,
 AUXINPUT6_INTERVAL_H    = 11*0,
 AUXINPUT6_INTERVAL_M    = 11*0,
 AUXINPUT6_INTERVAL_S    = 11*0,
 AUXINPUT6_INTERVAL      = 11*0,
 AUXINPUT6_BEGIN_Y       = 11*0,
 AUXINPUT6_BEGIN_D       = 11*0,
 AUXINPUT6_BEGIN_H       = 11*0,
 AUXINPUT6_BEGIN_M       = 11*0,
 AUXINPUT6_BEGIN_S       = 11*0,
 AUXINPUT6_BEGIN = 11*0,
 AUXINPUT6_END_Y = 11*0,
 AUXINPUT6_END_D = 11*0,
 AUXINPUT6_END_H = 11*0,
 AUXINPUT6_END_M = 11*0,
 AUXINPUT6_END_S = 11*0,
 AUXINPUT6_END   = 11*0,
 IO_FORM_AUXINPUT6       =           0,
 FRAMES_PER_AUXINPUT6    = 11*999999,
 AUXINPUT7_INNAME        = auxinput7_d<domain>_<date>                                                                                
                                                                                                                                     
                   ,
 AUXINPUT7_OUTNAME       = auxinput7_d<domain>_<date>                                                                                
                                                                                                                                     
                   ,
 AUXINPUT7_INTERVAL_Y    = 11*0,
 AUXINPUT7_INTERVAL_D    = 11*0,
 AUXINPUT7_INTERVAL_H    = 11*0,
 AUXINPUT7_INTERVAL_M    = 11*0,
 AUXINPUT7_INTERVAL_S    = 11*0,
 AUXINPUT7_INTERVAL      = 11*0,
 AUXINPUT7_BEGIN_Y       = 11*0,
 AUXINPUT7_BEGIN_D       = 11*0,
 AUXINPUT7_BEGIN_H       = 11*0,
 AUXINPUT7_BEGIN_M       = 11*0,
 AUXINPUT7_BEGIN_S       = 11*0,
 AUXINPUT7_BEGIN = 11*0,
 AUXINPUT7_END_Y = 11*0,
 AUXINPUT7_END_D = 11*0,
 AUXINPUT7_END_H = 11*0,
 AUXINPUT7_END_M = 11*0,
 AUXINPUT7_END_S = 11*0,
 AUXINPUT7_END   = 11*0,
 IO_FORM_AUXINPUT7       =           0,
 FRAMES_PER_AUXINPUT7    = 11*999999,
 AUXINPUT8_INNAME        = auxinput8_d<domain>_<date>                                                                                
                                                                                                                                     
                   ,
 AUXINPUT8_OUTNAME       = auxinput8_d<domain>_<date>                                                                                
                                                                                                                                     
                   ,
 AUXINPUT8_INTERVAL_Y    = 11*0,
 AUXINPUT8_INTERVAL_D    = 11*0,
 AUXINPUT8_INTERVAL_H    = 11*0,
 AUXINPUT8_INTERVAL_M    = 11*0,
 AUXINPUT8_INTERVAL_S    = 11*0,
 AUXINPUT8_INTERVAL      = 11*0,
 AUXINPUT8_BEGIN_Y       = 11*0,
 AUXINPUT8_BEGIN_D       = 11*0,
 AUXINPUT8_BEGIN_H       = 11*0,
 AUXINPUT8_BEGIN_M       = 11*0,
 AUXINPUT8_BEGIN_S       = 11*0,
 AUXINPUT8_BEGIN = 11*0,
 AUXINPUT8_END_Y = 11*0,
 AUXINPUT8_END_D = 11*0,
 AUXINPUT8_END_H = 11*0,
 AUXINPUT8_END_M = 11*0,
 AUXINPUT8_END_S = 11*0,
 AUXINPUT8_END   = 11*0,
 IO_FORM_AUXINPUT8       =           0,
 FRAMES_PER_AUXINPUT8    = 11*999999,
 AUXINPUT9_INNAME        = auxinput9_d<domain>_<date>                                                                                
                                                                                                                                     
                   ,
 AUXINPUT9_OUTNAME       = auxinput9_d<domain>_<date>                                                                                
                                                                                                                                     
                   ,
 AUXINPUT9_INTERVAL_Y    = 11*0,
 AUXINPUT9_INTERVAL_D    = 11*0,
 AUXINPUT9_INTERVAL_H    = 11*0,
 AUXINPUT9_INTERVAL_M    = 11*0,
 AUXINPUT9_INTERVAL_S    = 11*0,
 AUXINPUT9_INTERVAL      = 11*0,
 AUXINPUT9_BEGIN_Y       = 11*0,
 AUXINPUT9_BEGIN_D       = 11*0,
 AUXINPUT9_BEGIN_H       = 11*0,
 AUXINPUT9_BEGIN_M       = 11*0,
 AUXINPUT9_BEGIN_S       = 11*0,
 AUXINPUT9_BEGIN = 11*0,
 AUXINPUT9_END_Y = 11*0,
 AUXINPUT9_END_D = 11*0,
 AUXINPUT9_END_H = 11*0,
 AUXINPUT9_END_M = 11*0,
 AUXINPUT9_END_S = 11*0,
 AUXINPUT9_END   = 11*0,
 IO_FORM_AUXINPUT9       =           0,
 FRAMES_PER_AUXINPUT9    = 11*999999,
 AUXINPUT10_INNAME       = auxinput10_d<domain>_<date>                                                                               
                                                                                                                                     
                   ,
 AUXINPUT10_OUTNAME      = auxinput10_d<domain>_<date>                                                                               
                                                                                                                                     
                   ,
 AUXINPUT10_INTERVAL_Y   = 11*0,
 AUXINPUT10_INTERVAL_D   = 11*0,
 AUXINPUT10_INTERVAL_H   = 11*0,
 AUXINPUT10_INTERVAL_M   = 11*0,
 AUXINPUT10_INTERVAL_S   = 11*0,
 AUXINPUT10_INTERVAL     = 11*0,
 AUXINPUT10_BEGIN_Y      = 11*0,
 AUXINPUT10_BEGIN_D      = 11*0,
 AUXINPUT10_BEGIN_H      = 11*0,
 AUXINPUT10_BEGIN_M      = 11*0,
 AUXINPUT10_BEGIN_S      = 11*0,
 AUXINPUT10_BEGIN        = 11*0,
 AUXINPUT10_END_Y        = 11*0,
 AUXINPUT10_END_D        = 11*0,
 AUXINPUT10_END_H        = 11*0,
 AUXINPUT10_END_M        = 11*0,
 AUXINPUT10_END_S        = 11*0,
 AUXINPUT10_END  = 11*0,
 IO_FORM_AUXINPUT10      =           0,
 FRAMES_PER_AUXINPUT10   = 11*999999,
 AUXINPUT11_INNAME       = auxinput11_d<domain>_<date>                                                                               
                                                                                                                                     
                   ,
 AUXINPUT11_OUTNAME      = auxinput11_d<domain>_<date>                                                                               
                                                                                                                                     
                   ,
 AUXINPUT11_INTERVAL_Y   = 11*0,
 AUXINPUT11_INTERVAL_D   = 11*0,
 AUXINPUT11_INTERVAL_H   = 11*0,
 AUXINPUT11_INTERVAL_M   = 11*0,
 AUXINPUT11_INTERVAL_S   = 11*0,
 AUXINPUT11_INTERVAL     = 11*0,
 AUXINPUT11_BEGIN_Y      = 11*0,
 AUXINPUT11_BEGIN_D      = 11*0,
 AUXINPUT11_BEGIN_H      = 11*0,
 AUXINPUT11_BEGIN_M      = 11*0,
 AUXINPUT11_BEGIN_S      = 11*0,
 AUXINPUT11_BEGIN        = 11*0,
 AUXINPUT11_END_Y        = 11*0,
 AUXINPUT11_END_D        = 11*0,
 AUXINPUT11_END_H        = 11*0,
 AUXINPUT11_END_M        = 11*0,
 AUXINPUT11_END_S        = 11*0,
 AUXINPUT11_END  = 11*0,
 IO_FORM_AUXINPUT11      =           0,
 FRAMES_PER_AUXINPUT11   = 11*999999,
 AUXINPUT12_INNAME       = auxinput12_d<domain>_<date>                                                                               
                                                                                                                                     
                   ,
 AUXINPUT12_OUTNAME      = auxinput12_d<domain>_<date>                                                                               
                                                                                                                                     
                   ,
 AUXINPUT12_INTERVAL_Y   = 11*0,
 AUXINPUT12_INTERVAL_D   = 11*0,
 AUXINPUT12_INTERVAL_H   = 11*0,
 AUXINPUT12_INTERVAL_M   = 11*0,
 AUXINPUT12_INTERVAL_S   = 11*0,
 AUXINPUT12_INTERVAL     = 11*0,
 AUXINPUT12_BEGIN_Y      = 11*0,
 AUXINPUT12_BEGIN_D      = 11*0,
 AUXINPUT12_BEGIN_H      = 11*0,
 AUXINPUT12_BEGIN_M      = 11*0,
 AUXINPUT12_BEGIN_S      = 11*0,
 AUXINPUT12_BEGIN        = 11*0,
 AUXINPUT12_END_Y        = 11*0,
 AUXINPUT12_END_D        = 11*0,
 AUXINPUT12_END_H        = 11*0,
 AUXINPUT12_END_M        = 11*0,
 AUXINPUT12_END_S        = 11*0,
 AUXINPUT12_END  = 11*0,
 IO_FORM_AUXINPUT12      =           0,
 FRAMES_PER_AUXINPUT12   = 11*999999,
 AUXINPUT13_INNAME       = auxinput13_d<domain>_<date>                                                                               
                                                                                                                                     
                   ,
 AUXINPUT13_OUTNAME      = auxinput13_d<domain>_<date>                                                                               
                                                                                                                                     
                   ,
 AUXINPUT13_INTERVAL_Y   = 11*0,
 AUXINPUT13_INTERVAL_D   = 11*0,
 AUXINPUT13_INTERVAL_H   = 11*0,
 AUXINPUT13_INTERVAL_M   = 11*0,
 AUXINPUT13_INTERVAL_S   = 11*0,
 AUXINPUT13_INTERVAL     = 11*0,
 AUXINPUT13_BEGIN_Y      = 11*0,
 AUXINPUT13_BEGIN_D      = 11*0,
 AUXINPUT13_BEGIN_H      = 11*0,
 AUXINPUT13_BEGIN_M      = 11*0,
 AUXINPUT13_BEGIN_S      = 11*0,
 AUXINPUT13_BEGIN        = 11*0,
 AUXINPUT13_END_Y        = 11*0,
 AUXINPUT13_END_D        = 11*0,
 AUXINPUT13_END_H        = 11*0,
 AUXINPUT13_END_M        = 11*0,
 AUXINPUT13_END_S        = 11*0,
 AUXINPUT13_END  = 11*0,
 IO_FORM_AUXINPUT13      =           0,
 FRAMES_PER_AUXINPUT13   = 11*999999,
 AUXINPUT14_INNAME       = auxinput14_d<domain>_<date>                                                                               
                                                                                                                                     
                   ,
 AUXINPUT14_OUTNAME      = auxinput14_d<domain>_<date>                                                                               
                                                                                                                                     
                   ,
 AUXINPUT14_INTERVAL_Y   = 11*0,
 AUXINPUT14_INTERVAL_D   = 11*0,
 AUXINPUT14_INTERVAL_H   = 11*0,
 AUXINPUT14_INTERVAL_M   = 11*0,
 AUXINPUT14_INTERVAL_S   = 11*0,
 AUXINPUT14_INTERVAL     = 11*0,
 AUXINPUT14_BEGIN_Y      = 11*0,
 AUXINPUT14_BEGIN_D      = 11*0,
 AUXINPUT14_BEGIN_H      = 11*0,
 AUXINPUT14_BEGIN_M      = 11*0,
 AUXINPUT14_BEGIN_S      = 11*0,
 AUXINPUT14_BEGIN        = 11*0,
 AUXINPUT14_END_Y        = 11*0,
 AUXINPUT14_END_D        = 11*0,
 AUXINPUT14_END_H        = 11*0,
 AUXINPUT14_END_M        = 11*0,
 AUXINPUT14_END_S        = 11*0,
 AUXINPUT14_END  = 11*0,
 IO_FORM_AUXINPUT14      =           0,
 FRAMES_PER_AUXINPUT14   = 11*999999,
 AUXINPUT15_INNAME       = auxinput15_d<domain>_<date>                                                                               
                                                                                                                                     
                   ,
 AUXINPUT15_OUTNAME      = auxinput15_d<domain>_<date>                                                                               
                                                                                                                                     
                   ,
 AUXINPUT15_INTERVAL_Y   = 11*0,
 AUXINPUT15_INTERVAL_D   = 11*0,
 AUXINPUT15_INTERVAL_H   = 11*0,
 AUXINPUT15_INTERVAL_M   = 11*0,
 AUXINPUT15_INTERVAL_S   = 11*0,
 AUXINPUT15_INTERVAL     = 11*0,
 AUXINPUT15_BEGIN_Y      = 11*0,
 AUXINPUT15_BEGIN_D      = 11*0,
 AUXINPUT15_BEGIN_H      = 11*0,
 AUXINPUT15_BEGIN_M      = 11*0,
 AUXINPUT15_BEGIN_S      = 11*0,
 AUXINPUT15_BEGIN        = 11*0,
 AUXINPUT15_END_Y        = 11*0,
 AUXINPUT15_END_D        = 11*0,
 AUXINPUT15_END_H        = 11*0,
 AUXINPUT15_END_M        = 11*0,
 AUXINPUT15_END_S        = 11*0,
 AUXINPUT15_END  = 11*0,
 IO_FORM_AUXINPUT15      =           0,
 FRAMES_PER_AUXINPUT15   = 11*999999,
 AUXINPUT16_INNAME       = auxinput16_d<domain>_<date>                                                                               
                                                                                                                                     
                   ,
 AUXINPUT16_OUTNAME      = auxinput16_d<domain>_<date>                                                                               
                                                                                                                                     
                   ,
 AUXINPUT16_INTERVAL_Y   = 11*0,
 AUXINPUT16_INTERVAL_D   = 11*0,
 AUXINPUT16_INTERVAL_H   = 11*0,
 AUXINPUT16_INTERVAL_M   = 11*0,
 AUXINPUT16_INTERVAL_S   = 11*0,
 AUXINPUT16_INTERVAL     = 11*0,
 AUXINPUT16_BEGIN_Y      = 11*0,
 AUXINPUT16_BEGIN_D      = 11*0,
 AUXINPUT16_BEGIN_H      = 11*0,
 AUXINPUT16_BEGIN_M      = 11*0,
 AUXINPUT16_BEGIN_S      = 11*0,
 AUXINPUT16_BEGIN        = 11*0,
 AUXINPUT16_END_Y        = 11*0,
 AUXINPUT16_END_D        = 11*0,
 AUXINPUT16_END_H        = 11*0,
 AUXINPUT16_END_M        = 11*0,
 AUXINPUT16_END_S        = 11*0,
 AUXINPUT16_END  = 11*0,
 IO_FORM_AUXINPUT16      =           0,
 FRAMES_PER_AUXINPUT16   = 11*999999,
 AUXINPUT17_INNAME       = auxinput17_d<domain>_<date>                                                                               
                                                                                                                                     
                   ,
 AUXINPUT17_OUTNAME      = auxinput17_d<domain>_<date>                                                                               
                                                                                                                                     
                   ,
 AUXINPUT17_INTERVAL_Y   = 11*0,
 AUXINPUT17_INTERVAL_D   = 11*0,
 AUXINPUT17_INTERVAL_H   = 11*0,
 AUXINPUT17_INTERVAL_M   = 11*0,
 AUXINPUT17_INTERVAL_S   = 11*0,
 AUXINPUT17_INTERVAL     = 11*0,
 AUXINPUT17_BEGIN_Y      = 11*0,
 AUXINPUT17_BEGIN_D      = 11*0,
 AUXINPUT17_BEGIN_H      = 11*0,
 AUXINPUT17_BEGIN_M      = 11*0,
 AUXINPUT17_BEGIN_S      = 11*0,
 AUXINPUT17_BEGIN        = 11*0,
 AUXINPUT17_END_Y        = 11*0,
 AUXINPUT17_END_D        = 11*0,
 AUXINPUT17_END_H        = 11*0,
 AUXINPUT17_END_M        = 11*0,
 AUXINPUT17_END_S        = 11*0,
 AUXINPUT17_END  = 11*0,
 IO_FORM_AUXINPUT17      =           0,
 FRAMES_PER_AUXINPUT17   = 11*999999,
 AUXINPUT18_INNAME       = auxinput18_d<domain>_<date>                                                                               
                                                                                                                                     
                   ,
 AUXINPUT18_OUTNAME      = auxinput18_d<domain>_<date>                                                                               
                                                                                                                                     
                   ,
 AUXINPUT18_INTERVAL_Y   = 11*0,
 AUXINPUT18_INTERVAL_D   = 11*0,
 AUXINPUT18_INTERVAL_H   = 11*0,
 AUXINPUT18_INTERVAL_M   = 11*0,
 AUXINPUT18_INTERVAL_S   = 11*0,
 AUXINPUT18_INTERVAL     = 11*0,
 AUXINPUT18_BEGIN_Y      = 11*0,
 AUXINPUT18_BEGIN_D      = 11*0,
 AUXINPUT18_BEGIN_H      = 11*0,
 AUXINPUT18_BEGIN_M      = 11*0,
 AUXINPUT18_BEGIN_S      = 11*0,
 AUXINPUT18_BEGIN        = 11*0,
 AUXINPUT18_END_Y        = 11*0,
 AUXINPUT18_END_D        = 11*0,
 AUXINPUT18_END_H        = 11*0,
 AUXINPUT18_END_M        = 11*0,
 AUXINPUT18_END_S        = 11*0,
 AUXINPUT18_END  = 11*0,
 IO_FORM_AUXINPUT18      =           0,
 FRAMES_PER_AUXINPUT18   = 11*999999,
 AUXINPUT19_INNAME       = auxinput19_d<domain>_<date>                                                                               
                                                                                                                                     
                   ,
 AUXINPUT19_OUTNAME      = auxinput19_d<domain>_<date>                                                                               
                                                                                                                                     
                   ,
 AUXINPUT19_INTERVAL_Y   = 11*0,
 AUXINPUT19_INTERVAL_D   = 11*0,
 AUXINPUT19_INTERVAL_H   = 11*0,
 AUXINPUT19_INTERVAL_M   = 11*0,
 AUXINPUT19_INTERVAL_S   = 11*0,
 AUXINPUT19_INTERVAL     = 11*0,
 AUXINPUT19_BEGIN_Y      = 11*0,
 AUXINPUT19_BEGIN_D      = 11*0,
 AUXINPUT19_BEGIN_H      = 11*0,
 AUXINPUT19_BEGIN_M      = 11*0,
 AUXINPUT19_BEGIN_S      = 11*0,
 AUXINPUT19_BEGIN        = 11*0,
 AUXINPUT19_END_Y        = 11*0,
 AUXINPUT19_END_D        = 11*0,
 AUXINPUT19_END_H        = 11*0,
 AUXINPUT19_END_M        = 11*0,
 AUXINPUT19_END_S        = 11*0,
 AUXINPUT19_END  = 11*0,
 IO_FORM_AUXINPUT19      =           0,
 FRAMES_PER_AUXINPUT19   = 11*999999,
 AUXINPUT20_INNAME       = auxinput20_d<domain>_<date>                                                                               
                                                                                                                                     
                   ,
 AUXINPUT20_OUTNAME      = auxinput20_d<domain>_<date>                                                                               
                                                                                                                                     
                   ,
 AUXINPUT20_INTERVAL_Y   = 11*0,
 AUXINPUT20_INTERVAL_D   = 11*0,
 AUXINPUT20_INTERVAL_H   = 11*0,
 AUXINPUT20_INTERVAL_M   = 11*0,
 AUXINPUT20_INTERVAL_S   = 11*0,
 AUXINPUT20_INTERVAL     = 11*0,
 AUXINPUT20_BEGIN_Y      = 11*0,
 AUXINPUT20_BEGIN_D      = 11*0,
 AUXINPUT20_BEGIN_H      = 11*0,
 AUXINPUT20_BEGIN_M      = 11*0,
 AUXINPUT20_BEGIN_S      = 11*0,
 AUXINPUT20_BEGIN        = 11*0,
 AUXINPUT20_END_Y        = 11*0,
 AUXINPUT20_END_D        = 11*0,
 AUXINPUT20_END_H        = 11*0,
 AUXINPUT20_END_M        = 11*0,
 AUXINPUT20_END_S        = 11*0,
 AUXINPUT20_END  = 11*0,
 IO_FORM_AUXINPUT20      =           0,
 FRAMES_PER_AUXINPUT20   = 11*999999,
 AUXINPUT21_INNAME       = auxinput21_d<domain>_<date>                                                                               
                                                                                                                                     
                   ,
 AUXINPUT21_OUTNAME      = auxinput21_d<domain>_<date>                                                                               
                                                                                                                                     
                   ,
 AUXINPUT21_INTERVAL_Y   = 11*0,
 AUXINPUT21_INTERVAL_D   = 11*0,
 AUXINPUT21_INTERVAL_H   = 11*0,
 AUXINPUT21_INTERVAL_M   = 11*0,
 AUXINPUT21_INTERVAL_S   = 11*0,
 AUXINPUT21_INTERVAL     = 11*0,
 AUXINPUT21_BEGIN_Y      = 11*0,
 AUXINPUT21_BEGIN_D      = 11*0,
 AUXINPUT21_BEGIN_H      = 11*0,
 AUXINPUT21_BEGIN_M      = 11*0,
 AUXINPUT21_BEGIN_S      = 11*0,
 AUXINPUT21_BEGIN        = 11*0,
 AUXINPUT21_END_Y        = 11*0,
 AUXINPUT21_END_D        = 11*0,
 AUXINPUT21_END_H        = 11*0,
 AUXINPUT21_END_M        = 11*0,
 AUXINPUT21_END_S        = 11*0,
 AUXINPUT21_END  = 11*0,
 IO_FORM_AUXINPUT21      =           0,
 FRAMES_PER_AUXINPUT21   = 11*999999,
 AUXINPUT22_INNAME       = auxinput22_d<domain>_<date>                                                                               
                                                                                                                                     
                   ,
 AUXINPUT22_OUTNAME      = auxinput22_d<domain>_<date>                                                                               
                                                                                                                                     
                   ,
 AUXINPUT22_INTERVAL_Y   = 11*0,
 AUXINPUT22_INTERVAL_D   = 11*0,
 AUXINPUT22_INTERVAL_H   = 11*0,
 AUXINPUT22_INTERVAL_M   = 11*0,
 AUXINPUT22_INTERVAL_S   = 11*0,
 AUXINPUT22_INTERVAL     = 11*0,
 AUXINPUT22_BEGIN_Y      = 11*0,
 AUXINPUT22_BEGIN_D      = 11*0,
 AUXINPUT22_BEGIN_H      = 11*0,
 AUXINPUT22_BEGIN_M      = 11*0,
 AUXINPUT22_BEGIN_S      = 11*0,
 AUXINPUT22_BEGIN        = 11*0,
 AUXINPUT22_END_Y        = 11*0,
 AUXINPUT22_END_D        = 11*0,
 AUXINPUT22_END_H        = 11*0,
 AUXINPUT22_END_M        = 11*0,
 AUXINPUT22_END_S        = 11*0,
 AUXINPUT22_END  = 11*0,
 IO_FORM_AUXINPUT22      =           0,
 FRAMES_PER_AUXINPUT22   = 11*999999,
 AUXINPUT23_INNAME       = auxinput23_d<domain>_<date>                                                                               
                                                                                                                                     
                   ,
 AUXINPUT23_OUTNAME      = auxinput23_d<domain>_<date>                                                                               
                                                                                                                                     
                   ,
 AUXINPUT23_INTERVAL_Y   = 11*0,
 AUXINPUT23_INTERVAL_D   = 11*0,
 AUXINPUT23_INTERVAL_H   = 11*0,
 AUXINPUT23_INTERVAL_M   = 11*0,
 AUXINPUT23_INTERVAL_S   = 11*0,
 AUXINPUT23_INTERVAL     = 11*0,
 AUXINPUT23_BEGIN_Y      = 11*0,
 AUXINPUT23_BEGIN_D      = 11*0,
 AUXINPUT23_BEGIN_H      = 11*0,
 AUXINPUT23_BEGIN_M      = 11*0,
 AUXINPUT23_BEGIN_S      = 11*0,
 AUXINPUT23_BEGIN        = 11*0,
 AUXINPUT23_END_Y        = 11*0,
 AUXINPUT23_END_D        = 11*0,
 AUXINPUT23_END_H        = 11*0,
 AUXINPUT23_END_M        = 11*0,
 AUXINPUT23_END_S        = 11*0,
 AUXINPUT23_END  = 11*0,
 IO_FORM_AUXINPUT23      =           0,
 FRAMES_PER_AUXINPUT23   = 11*999999,
 AUXINPUT24_INNAME       = auxinput24_d<domain>_<date>                                                                               
                                                                                                                                     
                   ,
 AUXINPUT24_OUTNAME      = auxinput24_d<domain>_<date>                                                                               
                                                                                                                                     
                   ,
 AUXINPUT24_INTERVAL_Y   = 11*0,
 AUXINPUT24_INTERVAL_D   = 11*0,
 AUXINPUT24_INTERVAL_H   = 11*0,
 AUXINPUT24_INTERVAL_M   = 11*0,
 AUXINPUT24_INTERVAL_S   = 11*0,
 AUXINPUT24_INTERVAL     = 11*0,
 AUXINPUT24_BEGIN_Y      = 11*0,
 AUXINPUT24_BEGIN_D      = 11*0,
 AUXINPUT24_BEGIN_H      = 11*0,
 AUXINPUT24_BEGIN_M      = 11*0,
 AUXINPUT24_BEGIN_S      = 11*0,
 AUXINPUT24_BEGIN        = 11*0,
 AUXINPUT24_END_Y        = 11*0,
 AUXINPUT24_END_D        = 11*0,
 AUXINPUT24_END_H        = 11*0,
 AUXINPUT24_END_M        = 11*0,
 AUXINPUT24_END_S        = 11*0,
 AUXINPUT24_END  = 11*0,
 IO_FORM_AUXINPUT24      =           0,
 FRAMES_PER_AUXINPUT24   = 11*999999,
 HISTORY_INTERVAL        =          15,          20, 9*0,
 FRAMES_PER_OUTFILE      = 2*1, 9*10,
 RESTART = F,
 RESTART_INTERVAL        =          -1,
 IO_FORM_INPUT   =          11,
 IO_FORM_HISTORY =          11,
 IO_FORM_RESTART =           2,
 IO_FORM_BOUNDARY        =           2,
 DEBUG_LEVEL     =           0,
 SELF_TEST_DOMAIN        = F,
 HISTORY_OUTNAME = wrfout_d<domain>_<date>                                                                                           
                                                                                                                                     
           ,
 HISTORY_INNAME  = wrfhist_d<domain>_<date>                                                                                          
                                                                                                                                     
           ,
 USE_NETCDF_CLASSIC      = F,
 HISTORY_INTERVAL_D      = 11*0,
 HISTORY_INTERVAL_H      = 11*0,
 HISTORY_INTERVAL_M      = 11*0,
 HISTORY_INTERVAL_S      = 11*0,
 INPUTOUT_INTERVAL_D     = 11*0,
 INPUTOUT_INTERVAL_H     = 11*0,
 INPUTOUT_INTERVAL_M     = 11*0,
 INPUTOUT_INTERVAL_S     = 11*0,
 INPUTOUT_INTERVAL       = 11*0,
 RESTART_INTERVAL_D      =           0,
 RESTART_INTERVAL_H      =           0,
 RESTART_INTERVAL_M      =           0,
 RESTART_INTERVAL_S      =           0,
 HISTORY_BEGIN_Y = 11*0,
 HISTORY_BEGIN_D = 11*0,
 HISTORY_BEGIN_H = 11*0,
 HISTORY_BEGIN_M = 11*0,
 HISTORY_BEGIN_S = 11*0,
 HISTORY_BEGIN   = 11*0,
 INPUTOUT_BEGIN_Y        = 11*0,
 INPUTOUT_BEGIN_D        = 11*0,
 INPUTOUT_BEGIN_H        = 11*0,
 INPUTOUT_BEGIN_M        = 11*0,
 INPUTOUT_BEGIN_S        = 11*0,
 RESTART_BEGIN_Y =           0,
 RESTART_BEGIN_D =           0,
 RESTART_BEGIN_H =           0,
 RESTART_BEGIN_M =           0,
 RESTART_BEGIN_S =           0,
 RESTART_BEGIN   =           0,
 HISTORY_END_Y   = 11*0,
 HISTORY_END_D   = 11*0,
 HISTORY_END_H   = 11*0,
 HISTORY_END_M   = 11*0,
 HISTORY_END_S   = 11*0,
 HISTORY_END     = 11*0,
 INPUTOUT_END_Y  = 11*0,
 INPUTOUT_END_D  = 11*0,
 INPUTOUT_END_H  = 11*0,
 INPUTOUT_END_M  = 11*0,
 INPUTOUT_END_S  = 11*0,
 RESET_SIMULATION_START  = F,
 IOFIELDS_FILENAME       = vars_io_les.txt                                                                                           
                                                                                                                                     
                   NONE_SPECIFIED                                                                                                    
                                                                                                                                     
           NONE_SPECIFIED                                                                                                            
                                                                                                                                     
   NONE_SPECIFIED                                                                                                                    
                                                                                                                               NONE_S
 PECIFIED                                                                                                                            
                                                                                                                       NONE_SPECIFIED
                                                                                                                                     
                                                                                                               NONE_SPECIFIED        
                                                                                                                                     
                                                                                                       NONE_SPECIFIED                
                                                                                                                                     
                                                                                               NONE_SPECIFIED                        
                                                                                                                                     
                                                                                       NONE_SPECIFIED                                
                                                                                                                                     
                                                                               NONE_SPECIFIED                                        
                                                                                                                                     
                                                                       ,
 IGNORE_IOFIELDS_WARNING = T,
 NCD_NOFILL      = T,
 MEAN_DIAG       =           0,
 MEAN_FREQ       =           0,
 MEAN_INTERVAL   = 11*0,
 MEAN_DIAG_INTERVAL      = 11*0,
 MEAN_DIAG_INTERVAL_S    = 11*0,
 MEAN_DIAG_INTERVAL_M    = 11*0,
 MEAN_DIAG_INTERVAL_H    = 11*0,
 MEAN_DIAG_INTERVAL_D    = 11*0,
 MEAN_DIAG_INTERVAL_MO   = 11*0,
 DIURNAL_DIAG    =           0
 /
 &DOMAINS
 TIME_STEP       =           2,
 TIME_STEP_FRACT_NUM     =           0,
 TIME_STEP_FRACT_DEN     =           1,
 TIME_STEP_DFI   =          -1,
 REASONABLE_TIME_STEP_RATIO      =   10.00000    ,
 MIN_TIME_STEP   = 11*-1,
 MIN_TIME_STEP_DEN       = 11*0,
 MAX_TIME_STEP   = 11*-1,
 MAX_TIME_STEP_DEN       = 11*0,
 TARGET_CFL      = 11*1.200000       ,
 TARGET_HCFL     = 11*0.8400000      ,
 MAX_STEP_INCREASE_PCT   = 11*5,
 STARTING_TIME_STEP      = 11*-1,
 STARTING_TIME_STEP_DEN  = 11*0,
 STEP_TO_OUTPUT_TIME     = T,
 ADAPTATION_DOMAIN       =           1,
 USE_ADAPTIVE_TIME_STEP  = F,
 USE_ADAPTIVE_TIME_STEP_DFI      = F,
 MAX_DOM =           1,
 LATS_TO_MIC     =           0,
 S_WE    = 11*1,
 E_WE    =        1001,         295, 9*32,
 S_SN    = 11*1,
 E_SN    =        1001,         208, 9*32,
 S_VERT  = 11*1,
 E_VERT  =         103,          56, 9*31,
 NUM_METGRID_LEVELS      =          41,
 NUM_METGRID_SOIL_LEVELS =           9,
 P_TOP_REQUESTED =   10000.00    ,
 INTERP_THETA    = F,
 INTERP_TYPE     =           2,
 REBALANCE       =           0,
 VERT_REFINE_METHOD      = 11*0,
 VERT_REFINE_FACT        =           1,
 EXTRAP_TYPE     =           2,
 T_EXTRAP_TYPE   =           2,
 HYPSOMETRIC_OPT =           2,
 LOWEST_LEV_FROM_SFC     = F,
 USE_LEVELS_BELOW_GROUND = T,
 USE_TAVG_FOR_TSK        = F,
 USE_SURFACE     = T,
 LAGRANGE_ORDER  =           2,
 LINEAR_INTERP   =           1,
 FORCE_SFC_IN_VINTERP    =           1,
 ZAP_CLOSE_LEVELS        =   500.0000    ,
 MAXW_HORIZ_PRES_DIFF    =   5000.000    ,
 TROP_HORIZ_PRES_DIFF    =   5000.000    ,
 MAXW_ABOVE_THIS_LEVEL   =   30000.00    ,
 USE_MAXW_LEVEL  =           0,
 USE_TROP_LEVEL  =           0,
 SFCP_TO_SFCP    = F,
 ADJUST_HEIGHTS  = F,
 SMOOTH_CG_TOPO  = F,
 NEST_INTERP_COORD       =           0,
 INTERP_METHOD_TYPE      =           2,
 AGGREGATE_LU    = F,
 RH2QV_WRT_LIQUID        = T,
 RH2QV_METHOD    =           1,
 QV_MAX_P_SAFE   =   10000.00    ,
 QV_MAX_FLAG     =  9.9999997E-06,
 QV_MAX_VALUE    =  3.0000001E-06,
 QV_MIN_P_SAFE   =   110000.0    ,
 QV_MIN_FLAG     =  1.0000000E-06,
 QV_MIN_VALUE    =  1.0000000E-06,
 IDEAL_INIT_METHOD       =           1,
 DX      =   1000.000    ,   600.0000    , 9*200.0000       ,
 DY      =   1000.000    ,   600.0000    , 9*200.0000       ,
 GRID_ID =           1,           2, 9*1,
 GRID_ALLOWED    = 11*T,
 PARENT_ID       =           0,           1, 9*0,
 I_PARENT_START  =           1,         118, 9*1,
 J_PARENT_START  =           1,          62, 9*1,
 PARENT_GRID_RATIO       =           1,           3, 9*1,
 PARENT_TIME_STEP_RATIO  =           1,           3, 9*1,
 FEEDBACK        =           0,
 SMOOTH_OPTION   =           0,
 BLEND_WIDTH     =           5,
 ZTOP    = 11*15000.00       ,
 MOAD_GRID_RATIO = 11*1,
 MOAD_TIME_STEP_RATIO    = 11*1,
 SHW     = 11*2,
 TILE_SZ_X       =           0,
 TILE_SZ_Y       =           0,
 NUMTILES        =           1,
 NUMTILES_INC    =           0,
 NUMTILES_X      =           0,
 NUMTILES_Y      =           0,
 TILE_STRATEGY   =           0,
 NPROC_X =          -1,
 NPROC_Y =          -1,
 IRAND   =           0,
 NUM_MOVES       =           0,
 TS_BUF_SIZE     =         200,
 MAX_TS_LOCS     =           7,
 TSLIST_UNSTAGGER_WINDS  = T,
 VORTEX_INTERVAL = 11*15,
 MAX_VORTEX_SPEED        = 11*40,
 CORRAL_DIST     = 11*8,
 TRACK_LEVEL     =       50000,
 TIME_TO_MOVE    = 11*0.0000000E+00  ,
 MOVE_ID = 50*0,
 MOVE_INTERVAL   = 50*999999999,
 MOVE_CD_X       = 50*0,
 MOVE_CD_Y       = 50*0,
 SWAP_X  = 11*F,
 SWAP_Y  = 11*F,
 CYCLE_X = 11*F,
 CYCLE_Y = 11*F,
 REORDER_MESH    = F,
 PERTURB_INPUT   = F,
 ETA_LEVELS      =   1.000000    ,  0.9988000    ,  0.9976000    ,  0.9964000    ,  0.9952000    ,  0.9940000    ,  0.9928000    ,
   0.9916000    ,  0.9904000    ,  0.9892000    ,  0.9880000    ,  0.9868000    ,  0.9856000    ,  0.9844000    ,  0.9793000    ,
   0.9733000    ,  0.9673000    ,  0.9613000    ,  0.9553000    ,  0.9493000    ,  0.9433000    ,  0.9373000    ,  0.9313000    ,
   0.9253000    ,  0.9193000    ,  0.9133000    ,  0.9064000    ,  0.8953000    ,  0.8833000    ,  0.8713000    ,  0.8593000    ,
   0.8473000    ,  0.8353000    ,  0.8233000    ,  0.8113000    ,  0.7993000    ,  0.7873000    ,  0.7753000    ,  0.7633000    ,
   0.7513000    ,  0.7393000    ,  0.7273000    ,  0.7153000    ,  0.7033000    ,  0.6913000    ,  0.6793000    ,  0.6673000    ,
   0.6553000    ,  0.6433000    ,  0.6313000    ,  0.6193000    ,  0.6073000    ,  0.5953000    ,  0.5833000    ,  0.5713000    ,
   0.5593000    ,  0.5473000    ,  0.5353000    ,  0.5233000    ,  0.5113000    ,  0.4993000    ,  0.4873000    ,  0.4753000    ,
   0.4633000    ,  0.4513000    ,  0.4393000    ,  0.4273000    ,  0.4153000    ,  0.4033000    ,  0.3913000    ,  0.3793000    ,
   0.3673000    ,  0.3553000    ,  0.3433000    ,  0.3313000    ,  0.3193000    ,  0.3073000    ,  0.2953000    ,  0.2833000    ,
   0.2713000    ,  0.2593000    ,  0.2473000    ,  0.2353000    ,  0.2233000    ,  0.2113000    ,  0.1993000    ,  0.1873000    ,
   0.1753000    ,  0.1633000    ,  0.1513000    ,  0.1393000    ,  0.1273000    ,  0.1153000    ,  0.1033000    ,  9.1300003E-02,
   7.9300001E-02,  6.7299999E-02,  5.5300001E-02,  4.3299999E-02,  3.1300001E-02,  1.9300001E-02,  7.3000002E-03,  0.0000000E+00,
  9898*-1.000000      ,
 AUTO_LEVELS_OPT =           2,
 MAX_DZ  =   1000.000    ,
 DZBOT   =   50.00000    ,
 DZSTRETCH_S     =   1.300000    ,
 DZSTRETCH_U     =   1.100000    ,
 OCEAN_LEVELS    =          30,
 OCEAN_Z = 501*-1.000000      ,
 OCEAN_T = 501*-1.000000      ,
 OCEAN_S = 501*-1.000000      ,
 NUM_TRAJ        =        1000,
 MAX_TS_LEVEL    =         102,
 TRACK_LOC_IN    =           0,
 NUM_EXT_MODEL_COUPLE_DOM        =           1,
 SR_X    = 11*0,
 SR_Y    = 11*0,
 NUM_WIF_LEVELS  =          30,
 WIF_INPUT_OPT   =           0
 /
 &PHYSICS
 PHYSICS_SUITE   = none                                                                                                              
                                                                                                                                     
           ,
 FORCE_READ_THOMPSON     = F,
 WRITE_THOMPSON_TABLES   = T,
 WRITE_THOMPSON_MP38TABLE        = F,
 MP_PHYSICS      = 3*8, 8*-1,
 NSSL_CCCN       = 11*5.0000000E+08  ,
 NSSL_ALPHAH     = 11*0.0000000E+00  ,
 NSSL_ALPHAHL    = 11*1.000000       ,
 NSSL_CNOH       = 11*400000.0       ,
 NSSL_CNOHL      = 11*40000.00       ,
 NSSL_CNOR       = 11*800000.0       ,
 NSSL_CNOS       = 11*3000000.       ,
 NSSL_RHO_QH     = 11*500.0000       ,
 NSSL_RHO_QHL    = 11*900.0000       ,
 NSSL_RHO_QS     = 11*100.0000       ,
 CCNTY   =           2,
 NUDGE_LIGHTNING = 11*0,
 NUDGE_LIGHT_TIMES       = 11*0,
 NUDGE_LIGHT_TIMEE       = 11*7200,
 NUDGE_LIGHT_INT = 11*600,
 PATH_TO_FILES   = ~/WRFV3/                                                                                                          
                                                                                                                                     
           ,
 GSFCGCE_HAIL    =           0,
 GSFCGCE_2ICE    =           0,
 PROGN   = 11*0,
 ACCUM_MODE      =  1.0000000E+09,
 AITKEN_MODE     =  3.0000000E+08,
 COARSE_MODE     =   200000.0    ,
 DO_RADAR_REF    =           1,
 RA_LW_PHYSICS   = 3*4, 8*-1,
 RA_SW_PHYSICS   = 3*4, 8*-1,
 RA_SW_ECLIPSE   =           0,
 GHG_INPUT       =           1,
 RADT    = 3*1.000000       , 8*0.0000000E+00  ,
 NAER    = 11*1.0000000E+09  ,
 SF_SFCLAY_PHYSICS       = 2*1,           0, 8*-1,
 SF_SURF_IRR_SCHEME      = 11*0,
 IRR_DAILY_AMOUNT        = 11*0.0000000E+00  ,
 IRR_START_HOUR  = 11*0,
 IRR_NUM_HOURS   = 11*0,
 IRR_START_JULIANDAY     = 11*0,
 IRR_END_JULIANDAY       = 11*0,
 IRR_FREQ        = 11*1,
 IRR_PH  = 11*0,
 SF_SURFACE_PHYSICS      = 2*5,           0, 8*-1,
 BL_PBL_PHYSICS  =           1, 2*0, 8*-1,
 TKE_BUDGET      = 11*0,
 YSU_TOPDOWN_PBLMIX      =           1,
 SHINHONG_TKE_DIAG       = 11*0,
 BL_MYNN_TKEADVECT       = 11*F,
 BL_MYNN_CLOUDPDF        =           2,
 BL_MYNN_MIXLENGTH       =           1,
 BL_MYNN_EDMF    = 11*1,
 BL_MYNN_EDMF_MOM        = 11*1,
 BL_MYNN_EDMF_TKE        = 11*0,
 BL_MYNN_MIXSCALARS      = 11*0,
 BL_MYNN_OUTPUT  = 11*0,
 BL_MYNN_CLOUDMIX        = 11*1,
 BL_MYNN_MIXQT   = 11*0,
 ICLOUD_BL       =           1,
 BL_MYNN_CLOSURE =   2.600000    ,
 MFSHCONV        = 11*1,
 SF_URBAN_PHYSICS        = 11*0,
 BLDT    = 11*0.0000000E+00  ,
 CU_PHYSICS      = 3*0, 8*-1,
 SHCU_PHYSICS    = 11*0,
 CU_DIAG = 11*0,
 KF_EDRATES      = 11*0,
 KFETA_TRIGGER   =           1,
 NSAS_DX_FACTOR  =           0,
 CUDT    = 11*0.0000000E+00  ,
 GSMDT   = 11*0.0000000E+00  ,
 ISFFLX  =           1,
 IFSNOW  =           1,
 ICLOUD  =           1,
 CLDOVRLP        =           2,
 IDCOR   =           0,
 IDEAL_XLAND     =           1,
 SWRAD_SCAT      =   1.000000    ,
 SURFACE_INPUT_SOURCE    =           3,
 NUM_SOIL_LAYERS =           5,
 NUM_PFT_CLM     =          17,
 INPUT_PFT       = F,
 MAXPATCH        =          10,
 NUM_SNOW_LAYERS =           3,
 NUM_SNSO_LAYERS =           7,
 NUM_URBAN_HI    =          15,
 NUM_MONTHS      =          12,
 SF_SURFACE_MOSAIC       =           0,
 MOSAIC_CAT      =           3,
 MOSAIC_LU       =           0,
 MOSAIC_SOIL     =           0,
 FLAG_SM_ADJ     =           0,
 MAXIENS =           1,
 MAXENS  =           3,
 MAXENS2 =           3,
 MAXENS3 =          16,
 ENSDIM  =         144,
 CUGD_AVEDX      =           1,
 CLOS_CHOICE     =           0,
 IMOMENTUM       =           0,
 ISHALLOW        =           0,
 CONVTRANS_AVGLEN_M      =   30.00000    ,
 NUM_LAND_CAT    =          21,
 USE_WUDAPT_LCZ  =           0,
 NUM_SOIL_CAT    =          16,
 MP_ZERO_OUT     =           0,
 MP_ZERO_OUT_THRESH      =  9.9999999E-09,
 SEAICE_THRESHOLD        =   100.0000    ,
 BMJ_RAD_FEEDBACK        = 11*F,
 SST_UPDATE      =           0,
 QNA_UPDATE      =           0,
 SST_SKIN        =           0,
 TMN_UPDATE      =           0,
 USEMONALB       = F,
 RDMAXALB        = T,
 RDLAI2D = F,
 UA_PHYS = F,
 OPT_THCND       =           1,
 CO2TF   =           1,
 RA_CALL_OFFSET  =           0,
 CAM_ABS_FREQ_S  =   21600.00    ,
 LEVSIZ  =           1,
 PAERLEV =           1,
 CAM_ABS_DIM1    =           1,
 CAM_ABS_DIM2    =           1,
 LAGDAY  =         150,
 NO_SRC_TYPES    =           1,
 ALEVSIZ =           1,
 O3INPUT =           2,
 AER_OPT =           0,
 SWINT_OPT       =           0,
 AER_TYPE        = 11*1,
 AER_AOD550_OPT  = 11*1,
 AER_ANGEXP_OPT  = 11*1,
 AER_SSA_OPT     = 11*1,
 AER_ASY_OPT     = 11*1,
 AER_AOD550_VAL  = 11*0.1200000      ,
 AER_ANGEXP_VAL  = 11*1.300000       ,
 AER_SSA_VAL     = 11*0.8500000      ,
 AER_ASY_VAL     = 11*0.9000000      ,
 CU_RAD_FEEDBACK = 11*F,
 DUST_EMIS       =           0,
 EROSION_DIM     =           3,
 NO_SRC_TYPES_CU =           1,
 ALEVSIZ_CU      =           1,
 AERCU_OPT       =           0,
 AERCU_FCT       =   1.000000    ,
 COUPLE_FARMS    = F,
 SHALLOWCU_FORCED_RA     = 11*F,
 NUMBINS = 11*1,
 THBINSIZE       = 11*1.000000       ,
 RBINSIZE        = 11*1.000000       ,
 MINDEEPFREQ     = 11*1.000000       ,
 MINSHALLOWFREQ  = 11*1.000000       ,
 SHCU_AEROSOLS_OPT       = 11*0,
 PXLSM_SMOIS_INIT        = 11*1,
 PXLSM_MODIS_VEG = 11*0,
 OMLCALL =           0,
 SF_OCEAN_PHYSICS        =           0,
 TRAJ_OPT        =           0,
 DM_HAS_TRAJ     = 11*F,
 TRACERCALL      =           0,
 SHALWATER_Z0    = 11*0,
 SHALWATER_DEPTH =  -1.000000    ,
 OMDT    =   1.000000    ,
 OML_HML0        =   50.00000    ,
 OML_GAMMA       =  0.1400000    ,
 OML_RELAXATION_TIME     =  0.0000000E+00,
 ISFTCFLX        =           0,
 IZ0TLND =           0,
 SHADLEN =   25000.00    ,
 SLOPE_RAD       = 11*0,
 TOPO_SHADING    = 11*0,
 TOPO_WIND       = 11*0,
 NO_MP_HEATING   =           0,
 FRACTIONAL_SEAICE       =           0,
 SEAICE_SNOWDEPTH_OPT    =           0,
 SEAICE_SNOWDEPTH_MAX    =  1.0000000E+10,
 SEAICE_SNOWDEPTH_MIN    =  1.0000000E-03,
 SEAICE_ALBEDO_OPT       =           0,
 SEAICE_ALBEDO_DEFAULT   =  0.6500000    ,
 SEAICE_THICKNESS_OPT    =           0,
 SEAICE_THICKNESS_DEFAULT        =   3.000000    ,
 TICE2TSK_IF2COLD        = F,
 BUCKET_MM       =  -1.000000    ,
 BUCKET_J        =  -1.000000    ,
 MP_TEND_LIM     =   10.00000    ,
 PREC_ACC_DT     = 11*0.0000000E+00  ,
 GRAV_SETTLING   = 11*0,
 SAS_PGCON       = 11*0.5500000      ,
 SCALAR_PBLMIX   = 11*0,
 TRACER_PBLMIX   = 11*1,
 USE_AERO_ICBC   = F,
 USE_RAP_AERO_ICBC       = F,
 WIF_FIRE_EMIT   = F,
 WIF_FIRE_INJ    = 11*1,
 USE_MP_RE       =           1,
 INSERT_INIT_CLOUD       = F,
 CCN_CONC        =  1.0000000E+08,
 HAIL_OPT        =           0,
 MORR_RIMED_ICE  =           1,
 CLEAN_ATM_DIAG  =           0,
 ACC_PHY_TEND    = 11*0,
 MADWRF_OPT      =           0,
 MADWRF_DT_RELAX =   60.00000    ,
 MADWRF_DT_NUDGE =   60.00000    ,
 MADWRF_CLDINIT  =           0,
 WTDDT   = 11*30.00000       ,
 WINDFARM_OPT    = 11*0,
 WINDFARM_IJ     =           0,
 WINDFARM_TKE_FACTOR     =  0.2500000    ,
 HAILCAST_OPT    = 11*0,
 HAILDT  = 11*0.0000000E+00  ,
 LIGHTNING_OPTION        = 11*0,
 LIGHTNING_DT    = 11*0.0000000E+00  ,
 LIGHTNING_START_SECONDS = 11*0.0000000E+00  ,
 FLASHRATE_FACTOR        = 11*1.000000       ,
 ICCG_METHOD     = 11*0,
 ICCG_PRESCRIBED_NUM     = 11*0.0000000E+00  ,
 ICCG_PRESCRIBED_DEN     = 11*1.000000       ,
 CELLCOUNT_METHOD        = 11*0,
 CLDTOP_ADJUSTMENT       = 11*0.0000000E+00  ,
 SF_LAKE_PHYSICS = 11*0,
 LAKEDEPTH_DEFAULT       = 11*50.00000       ,
 LAKE_MIN_ELEV   = 11*5.000000       ,
 USE_LAKEDEPTH   = 11*1,
 SBM_DIAGNOSTICS = 11*0,
 NSSL_IPELEC     = 11*0,
 NSSL_ISAUND     =          12,
 NSSL_ISCREEN    =           0,
 NSSL_LIGHTRAD   =   12000.00    ,
 NSSL_IDISCHARGE =           1,
 NSSL_IBRKD      =           4,
 NSSL_ECRIT      =   120000.0    ,
 NSSL_DISFRAC    =  0.3000000    ,
 ELEC_PHYSICS    =           0,
 MCM_OPT = 11*0,
 MCM_LINK_RAD    = 11*F,
 MCM_MODEL       = 11*0,
 CHEM_OPT        = 11*0
 /
 &DYNAMICS
 DYN_OPT =           2,
 RK_ORD  =           3,
 W_DAMPING       =           0,
 W_CRIT_CFL      =   1.000000    ,
 ZADVECT_IMPLICIT        =           0,
 DIFF_OPT        =           2,           0, 9*-1,
 DIFF_OPT_DFI    = 11*0,
 KM_OPT  = 2*4, 9*-1,
 KM_OPT_DFI      = 11*1,
 DAMP_OPT        =           3,
 RAD_NUDGE       =           0,
 GWD_OPT = 11*0,
 GWD_DIAGS       =           0,
 ZDAMP   = 11*5000.000       ,
 DAMPCOEF        = 11*0.2000000      ,
 KHDIF   = 11*0.0000000E+00  ,
 KVDIF   = 11*0.0000000E+00  ,
 DIFF_6TH_FACTOR = 11*0.1200000      ,
 DIFF_6TH_OPT    =           0,           2, 9*0,
 DIFF_6TH_SLOPEOPT       = 11*0,
 DIFF_6TH_THRESH = 11*0.1000000      ,
 USE_THETA_M     =           1,
 USE_Q_DIABATIC  =           0,
 C_S     = 11*0.2500000      ,
 C_K     = 11*0.1500000      ,
 SMDIV   = 11*0.1000000      ,
 EMDIV   = 11*9.9999998E-03  ,
 EPSSM   = 11*0.1000000      ,
 NON_HYDROSTATIC = 11*T,
 USE_INPUT_W     = F,
 TIME_STEP_SOUND = 11*0,
 H_MOM_ADV_ORDER = 11*5,
 V_MOM_ADV_ORDER = 11*3,
 H_SCA_ADV_ORDER = 11*5,
 V_SCA_ADV_ORDER = 11*3,
 MOMENTUM_ADV_OPT        = 3*3, 8*1,
 MOIST_ADV_OPT   = 3*3, 8*1,
 MOIST_ADV_DFI_OPT       = 11*0,
 CHEM_ADV_OPT    = 11*1,
 TRACER_ADV_OPT  = 11*1,
 SCALAR_ADV_OPT  = 3*3, 8*1,
 TKE_ADV_OPT     = 3*3, 8*1,
 PHI_ADV_Z       = 11*1,
 MOIST_MIX2_OFF  = 11*F,
 CHEM_MIX2_OFF   = 11*F,
 TRACER_MIX2_OFF = 11*F,
 SCALAR_MIX2_OFF = 11*F,
 TKE_MIX2_OFF    = 11*F,
 MOIST_MIX6_OFF  = 11*F,
 CHEM_MIX6_OFF   = 11*F,
 TRACER_MIX6_OFF = 11*F,
 SCALAR_MIX6_OFF = 11*F,
 TKE_MIX6_OFF    = 11*F,
 TOP_RADIATION   = 11*F,
 MIX_ISOTROPIC   = 11*0,
 MIX_UPPER_BOUND = 11*0.1000000      ,
 TOP_LID = 11*F,
 TKE_UPPER_BOUND = 11*1000.000       ,
 TKE_DRAG_COEFFICIENT    = 11*0.0000000E+00  ,
 TKE_HEAT_FLUX   = 11*0.0000000E+00  ,
 PERT_CORIOLIS   = 11*F,
 CORIOLIS2D      = 11*F,
 MIX_FULL_FIELDS = 11*F,
 BASE_PRES       =   100000.0    ,
 BASE_TEMP       =   290.0000    ,
 BASE_LAPSE      =   50.00000    ,
 ISO_TEMP        =   200.0000    ,
 BASE_PRES_STRAT =  0.0000000E+00,
 BASE_LAPSE_STRAT        =  -11.00000    ,
 USE_BASEPARAM_FR_NML    = F,
 FFT_FILTER_LAT  =   91.00000    ,
 COUPLED_FILTERING       = T,
 POS_DEF = F,
 SWAP_POLE_WITH_NEXT_J   = F,
 ACTUAL_DISTANCE_AVERAGE = F,
 ROTATED_POLE    = F,
 DO_CORIOLIS     = 11*T,
 DO_CURVATURE    = 11*T,
 DO_GRADP        = 11*T,
 TRACER_OPT      = 11*0,
 TENDDIAG        = 11*0,
 DO_AVGFLX_EM    = 11*0,
 DO_AVGFLX_CUGD  = 11*0,
 SFS_OPT = 11*0,
 M_OPT   = 11*0,
 HYBRID_OPT      =           0,
 ETAC    =  0.2000000    ,
 SCPM_JDM_OPT    = 11*0,
 SCPM_NB = 11*0,
 SCPM_SB = 11*0,
 SCPM_EB = 11*0,
 SCPM_WB = 11*0,
 M_PBLH_OPT      = 11*0
 /
 &BDY_CONTROL
 SPEC_BDY_WIDTH  =           5,
 SPEC_ZONE       =           1,
 RELAX_ZONE      =           4,
 SPECIFIED       = T, 10*F,
 CONSTANT_BC     = F,
 PERIODIC_X      = 11*F,
 SYMMETRIC_XS    = 11*F,
 SYMMETRIC_XE    = 11*F,
 OPEN_XS = 11*F,
 OPEN_XE = 11*F,
 PERIODIC_Y      = 11*F,
 SYMMETRIC_YS    = 11*F,
 SYMMETRIC_YE    = 11*F,
 OPEN_YS = 11*F,
 OPEN_YE = 11*F,
 POLAR   = 11*F,
 NESTED  = 11*F,
 SPEC_EXP        =  0.0000000E+00,
 REAL_DATA_INIT_TYPE     =           1,
 HAVE_BCS_MOIST  = 11*F,
 HAVE_BCS_SCALAR = 11*F,
 MULTI_BDY_FILES = F
 /
 &GRIB2
 BACKGROUND_PROC_ID      =         255,
 FORECAST_PROC_ID        =         255,
 PRODUCTION_STATUS       =         255,
 COMPRESSION     =          40
 /
 &DIAGS
 DIAG_NWP2       =           0,
 SOLAR_DIAGNOSTICS       =           1,
 P_LEV_DIAGS     =           0,
 P_LEV_DIAGS_DFI =           0,
 NUM_PRESS_LEVELS        =           0,
 PRESS_LEVELS    = 100*0.0000000E+00  ,
 USE_TOT_OR_HYD_P        =           2,
 EXTRAP_BELOW_GRND       =           1,
 P_LEV_MISSING   =  -999.0000    ,
 Z_LEV_DIAGS     =           0,
 Z_LEV_DIAGS_DFI =           0,
 NUM_Z_LEVELS    =           0,
 Z_LEVELS        = 100*0.0000000E+00  ,
 Z_LEV_MISSING   =  -999.0000    
 /
